2026-02-19 03:10:59 [scrapy.utils.log] INFO: Scrapy 2.14.1 started (bot: scraper)
2026-02-19 03:10:59 [scrapy.utils.log] INFO: Versions:
{'lxml': '6.0.1',
 'libxml2': '2.11.9',
 'cssselect': '1.4.0',
 'parsel': '1.11.0',
 'w3lib': '2.4.0',
 'Twisted': '25.5.0',
 'Python': '3.13.2 (tags/v3.13.2:4f8bb39, Feb  4 2025, 15:23:48) [MSC v.1942 '
           '64 bit (AMD64)]',
 'pyOpenSSL': '25.3.0 (OpenSSL 3.5.5 27 Jan 2026)',
 'cryptography': '46.0.5',
 'Platform': 'Windows-10-10.0.19045-SP0'}
2026-02-19 03:10:59 [scrapy.addons] INFO: Enabled addons:
[]
2026-02-19 03:10:59 [scrapy.extensions.telnet] INFO: Telnet Password: 0f62631c80f6ce14
2026-02-19 03:10:59 [scrapy.middleware] INFO: Enabled extensions:
['scrapy.extensions.corestats.CoreStats',
 'scrapy.extensions.logcount.LogCount',
 'scrapy.extensions.telnet.TelnetConsole',
 'scrapy.extensions.logstats.LogStats']
2026-02-19 03:10:59 [scrapy.crawler] INFO: Overridden settings:
{'BOT_NAME': 'scraper',
 'CONCURRENT_REQUESTS_PER_DOMAIN': 1,
 'DOWNLOAD_DELAY': 1,
 'FEED_EXPORT_ENCODING': 'utf-8',
 'LOG_FILE': 'scrapy.log',
 'LOG_LEVEL': 'INFO',
 'NEWSPIDER_MODULE': 'scraper.spiders',
 'ROBOTSTXT_OBEY': True,
 'SPIDER_MODULES': ['scraper.spiders'],
 'USER_AGENT': 'scraper (+ваша_почта@example.com)'}
2026-02-19 03:10:59 [scrapy.middleware] INFO: Enabled downloader middlewares:
['scrapy.downloadermiddlewares.offsite.OffsiteMiddleware',
 'scrapy.downloadermiddlewares.robotstxt.RobotsTxtMiddleware',
 'scrapy.downloadermiddlewares.httpauth.HttpAuthMiddleware',
 'scrapy.downloadermiddlewares.downloadtimeout.DownloadTimeoutMiddleware',
 'scrapy.downloadermiddlewares.defaultheaders.DefaultHeadersMiddleware',
 'scrapy.downloadermiddlewares.useragent.UserAgentMiddleware',
 'scrapy.downloadermiddlewares.retry.RetryMiddleware',
 'scrapy.downloadermiddlewares.redirect.MetaRefreshMiddleware',
 'scrapy.downloadermiddlewares.httpcompression.HttpCompressionMiddleware',
 'scrapy.downloadermiddlewares.redirect.RedirectMiddleware',
 'scrapy.downloadermiddlewares.cookies.CookiesMiddleware',
 'scrapy.downloadermiddlewares.httpproxy.HttpProxyMiddleware',
 'scrapy.downloadermiddlewares.stats.DownloaderStats']
2026-02-19 03:10:59 [scrapy.middleware] INFO: Enabled spider middlewares:
['scrapy.spidermiddlewares.start.StartSpiderMiddleware',
 'scrapy.spidermiddlewares.httperror.HttpErrorMiddleware',
 'scrapy.spidermiddlewares.referer.RefererMiddleware',
 'scrapy.spidermiddlewares.urllength.UrlLengthMiddleware',
 'scrapy.spidermiddlewares.depth.DepthMiddleware']
2026-02-19 03:10:59 [scrapy.middleware] INFO: Enabled item pipelines:
[]
2026-02-19 03:10:59 [scrapy.core.engine] INFO: Spider opened
2026-02-19 03:10:59 [scrapy.extensions.logstats] INFO: Crawled 0 pages (at 0 pages/min), scraped 0 items (at 0 items/min)
2026-02-19 03:10:59 [scrapy.extensions.telnet] INFO: Telnet console listening on 127.0.0.1:6023
2026-02-19 03:11:02 [scraper.spiders.base_spider] INFO: Успешно загрузили: https://example.com
2026-02-19 03:11:02 [scrapy.core.engine] INFO: Closing spider (finished)
2026-02-19 03:11:02 [scrapy.statscollectors] INFO: Dumping Scrapy stats:
{'downloader/request_bytes': 448,
 'downloader/request_count': 2,
 'downloader/request_method_count/GET': 2,
 'downloader/response_bytes': 1239,
 'downloader/response_count': 2,
 'downloader/response_status_count/200': 1,
 'downloader/response_status_count/404': 1,
 'elapsed_time_seconds': 2.625023,
 'finish_reason': 'finished',
 'finish_time': datetime.datetime(2026, 2, 19, 0, 11, 2, 590385, tzinfo=datetime.timezone.utc),
 'httpcompression/response_bytes': 1056,
 'httpcompression/response_count': 2,
 'item_scraped_count': 1,
 'items_per_minute': 30.0,
 'log_count/INFO': 4,
 'response_received_count': 2,
 'responses_per_minute': 60.0,
 'robotstxt/request_count': 1,
 'robotstxt/response_count': 1,
 'robotstxt/response_status_count/404': 1,
 'scheduler/dequeued': 1,
 'scheduler/dequeued/memory': 1,
 'scheduler/enqueued': 1,
 'scheduler/enqueued/memory': 1,
 'start_time': datetime.datetime(2026, 2, 19, 0, 10, 59, 965362, tzinfo=datetime.timezone.utc)}
2026-02-19 03:11:02 [scrapy.core.engine] INFO: Spider closed (finished)
2026-02-19 03:12:14 [scrapy.utils.log] INFO: Scrapy 2.14.1 started (bot: scraper)
2026-02-19 03:12:14 [scrapy.utils.log] INFO: Versions:
{'lxml': '6.0.1',
 'libxml2': '2.11.9',
 'cssselect': '1.4.0',
 'parsel': '1.11.0',
 'w3lib': '2.4.0',
 'Twisted': '25.5.0',
 'Python': '3.13.2 (tags/v3.13.2:4f8bb39, Feb  4 2025, 15:23:48) [MSC v.1942 '
           '64 bit (AMD64)]',
 'pyOpenSSL': '25.3.0 (OpenSSL 3.5.5 27 Jan 2026)',
 'cryptography': '46.0.5',
 'Platform': 'Windows-10-10.0.19045-SP0'}
2026-02-19 03:12:14 [scrapy.crawler] DEBUG: Using AsyncCrawlerProcess
2026-02-19 03:12:14 [asyncio] DEBUG: Using selector: SelectSelector
2026-02-19 03:12:14 [scrapy.addons] INFO: Enabled addons:
[]
2026-02-19 03:12:14 [scrapy.utils.log] DEBUG: Using reactor: twisted.internet.asyncioreactor.AsyncioSelectorReactor
2026-02-19 03:12:14 [scrapy.utils.log] DEBUG: Using asyncio event loop: asyncio.windows_events._WindowsSelectorEventLoop
2026-02-19 03:12:14 [scrapy.extensions.telnet] INFO: Telnet Password: 7aceb85f7bc0f2ef
2026-02-19 03:12:14 [scrapy.middleware] INFO: Enabled extensions:
['scrapy.extensions.corestats.CoreStats',
 'scrapy.extensions.logcount.LogCount',
 'scrapy.extensions.telnet.TelnetConsole',
 'scrapy.extensions.logstats.LogStats']
2026-02-19 03:12:14 [scrapy.crawler] INFO: Overridden settings:
{'BOT_NAME': 'scraper',
 'CONCURRENT_REQUESTS_PER_DOMAIN': 1,
 'DOWNLOAD_DELAY': 1,
 'FEED_EXPORT_ENCODING': 'utf-8',
 'LOG_FILE': 'scrapy.log',
 'NEWSPIDER_MODULE': 'scraper.spiders',
 'ROBOTSTXT_OBEY': True,
 'SPIDER_MODULES': ['scraper.spiders'],
 'USER_AGENT': 'scraper (+ваша_почта@example.com)'}
2026-02-19 03:12:14 [scrapy.middleware] INFO: Enabled downloader middlewares:
['scrapy.downloadermiddlewares.offsite.OffsiteMiddleware',
 'scrapy.downloadermiddlewares.robotstxt.RobotsTxtMiddleware',
 'scrapy.downloadermiddlewares.httpauth.HttpAuthMiddleware',
 'scrapy.downloadermiddlewares.downloadtimeout.DownloadTimeoutMiddleware',
 'scrapy.downloadermiddlewares.defaultheaders.DefaultHeadersMiddleware',
 'scrapy.downloadermiddlewares.useragent.UserAgentMiddleware',
 'scrapy.downloadermiddlewares.retry.RetryMiddleware',
 'scrapy.downloadermiddlewares.redirect.MetaRefreshMiddleware',
 'scrapy.downloadermiddlewares.httpcompression.HttpCompressionMiddleware',
 'scrapy.downloadermiddlewares.redirect.RedirectMiddleware',
 'scrapy.downloadermiddlewares.cookies.CookiesMiddleware',
 'scrapy.downloadermiddlewares.httpproxy.HttpProxyMiddleware',
 'scrapy.downloadermiddlewares.stats.DownloaderStats']
2026-02-19 03:12:14 [scrapy.middleware] INFO: Enabled spider middlewares:
['scrapy.spidermiddlewares.start.StartSpiderMiddleware',
 'scrapy.spidermiddlewares.httperror.HttpErrorMiddleware',
 'scrapy.spidermiddlewares.referer.RefererMiddleware',
 'scrapy.spidermiddlewares.urllength.UrlLengthMiddleware',
 'scrapy.spidermiddlewares.depth.DepthMiddleware']
2026-02-19 03:12:14 [scrapy.middleware] INFO: Enabled item pipelines:
[]
2026-02-19 03:12:14 [scrapy.core.engine] INFO: Spider opened
2026-02-19 03:12:14 [scrapy.extensions.logstats] INFO: Crawled 0 pages (at 0 pages/min), scraped 0 items (at 0 items/min)
2026-02-19 03:12:14 [scrapy.extensions.telnet] INFO: Telnet console listening on 127.0.0.1:6023
2026-02-19 03:12:15 [scrapy.core.engine] DEBUG: Crawled (404) <GET https://example.com/robots.txt> (referer: None)
2026-02-19 03:12:16 [scrapy.core.engine] DEBUG: Crawled (200) <GET https://example.com> (referer: None)
2026-02-19 03:12:16 [scraper.spiders.base_spider] INFO: Успешно загрузили: https://example.com
2026-02-19 03:12:16 [scrapy.core.scraper] DEBUG: Scraped from <200 https://example.com>
{'title': 'Example Domain', 'url': 'https://example.com', 'status': 'ok'}
2026-02-19 03:12:16 [scrapy.core.engine] INFO: Closing spider (finished)
2026-02-19 03:12:16 [scrapy.statscollectors] INFO: Dumping Scrapy stats:
{'downloader/request_bytes': 448,
 'downloader/request_count': 2,
 'downloader/request_method_count/GET': 2,
 'downloader/response_bytes': 1243,
 'downloader/response_count': 2,
 'downloader/response_status_count/200': 1,
 'downloader/response_status_count/404': 1,
 'elapsed_time_seconds': 1.711447,
 'finish_reason': 'finished',
 'finish_time': datetime.datetime(2026, 2, 19, 0, 12, 16, 493301, tzinfo=datetime.timezone.utc),
 'httpcompression/response_bytes': 1056,
 'httpcompression/response_count': 2,
 'item_scraped_count': 1,
 'items_per_minute': 60.0,
 'log_count/DEBUG': 3,
 'log_count/INFO': 4,
 'response_received_count': 2,
 'responses_per_minute': 120.0,
 'robotstxt/request_count': 1,
 'robotstxt/response_count': 1,
 'robotstxt/response_status_count/404': 1,
 'scheduler/dequeued': 1,
 'scheduler/dequeued/memory': 1,
 'scheduler/enqueued': 1,
 'scheduler/enqueued/memory': 1,
 'start_time': datetime.datetime(2026, 2, 19, 0, 12, 14, 781854, tzinfo=datetime.timezone.utc)}
2026-02-19 03:12:16 [scrapy.core.engine] INFO: Spider closed (finished)
2026-02-19 03:12:40 [scrapy.utils.log] INFO: Scrapy 2.14.1 started (bot: scraper)
2026-02-19 03:12:40 [scrapy.utils.log] INFO: Versions:
{'lxml': '6.0.1',
 'libxml2': '2.11.9',
 'cssselect': '1.4.0',
 'parsel': '1.11.0',
 'w3lib': '2.4.0',
 'Twisted': '25.5.0',
 'Python': '3.13.2 (tags/v3.13.2:4f8bb39, Feb  4 2025, 15:23:48) [MSC v.1942 '
           '64 bit (AMD64)]',
 'pyOpenSSL': '25.3.0 (OpenSSL 3.5.5 27 Jan 2026)',
 'cryptography': '46.0.5',
 'Platform': 'Windows-10-10.0.19045-SP0'}
2026-02-19 03:12:40 [scrapy.crawler] DEBUG: Using AsyncCrawlerProcess
2026-02-19 03:12:40 [asyncio] DEBUG: Using selector: SelectSelector
2026-02-19 03:12:40 [scrapy.addons] INFO: Enabled addons:
[]
2026-02-19 03:12:40 [scrapy.utils.log] DEBUG: Using reactor: twisted.internet.asyncioreactor.AsyncioSelectorReactor
2026-02-19 03:12:40 [scrapy.utils.log] DEBUG: Using asyncio event loop: asyncio.windows_events._WindowsSelectorEventLoop
2026-02-19 03:12:40 [scrapy.extensions.telnet] INFO: Telnet Password: 56140540b49945cd
2026-02-19 03:12:40 [scrapy.middleware] INFO: Enabled extensions:
['scrapy.extensions.corestats.CoreStats',
 'scrapy.extensions.logcount.LogCount',
 'scrapy.extensions.telnet.TelnetConsole',
 'scrapy.extensions.logstats.LogStats']
2026-02-19 03:12:40 [scrapy.crawler] INFO: Overridden settings:
{'BOT_NAME': 'scraper',
 'CONCURRENT_REQUESTS_PER_DOMAIN': 1,
 'DOWNLOAD_DELAY': 1,
 'FEED_EXPORT_ENCODING': 'utf-8',
 'LOG_FILE': 'scrapy.log',
 'NEWSPIDER_MODULE': 'scraper.spiders',
 'ROBOTSTXT_OBEY': True,
 'SPIDER_MODULES': ['scraper.spiders'],
 'USER_AGENT': 'scraper (+ваша_почта@example.com)'}
2026-02-19 03:12:40 [scrapy.middleware] INFO: Enabled downloader middlewares:
['scrapy.downloadermiddlewares.offsite.OffsiteMiddleware',
 'scrapy.downloadermiddlewares.robotstxt.RobotsTxtMiddleware',
 'scrapy.downloadermiddlewares.httpauth.HttpAuthMiddleware',
 'scrapy.downloadermiddlewares.downloadtimeout.DownloadTimeoutMiddleware',
 'scrapy.downloadermiddlewares.defaultheaders.DefaultHeadersMiddleware',
 'scrapy.downloadermiddlewares.useragent.UserAgentMiddleware',
 'scrapy.downloadermiddlewares.retry.RetryMiddleware',
 'scrapy.downloadermiddlewares.redirect.MetaRefreshMiddleware',
 'scrapy.downloadermiddlewares.httpcompression.HttpCompressionMiddleware',
 'scrapy.downloadermiddlewares.redirect.RedirectMiddleware',
 'scrapy.downloadermiddlewares.cookies.CookiesMiddleware',
 'scrapy.downloadermiddlewares.httpproxy.HttpProxyMiddleware',
 'scrapy.downloadermiddlewares.stats.DownloaderStats']
2026-02-19 03:12:40 [scrapy.middleware] INFO: Enabled spider middlewares:
['scrapy.spidermiddlewares.start.StartSpiderMiddleware',
 'scrapy.spidermiddlewares.httperror.HttpErrorMiddleware',
 'scrapy.spidermiddlewares.referer.RefererMiddleware',
 'scrapy.spidermiddlewares.urllength.UrlLengthMiddleware',
 'scrapy.spidermiddlewares.depth.DepthMiddleware']
2026-02-19 03:12:40 [scrapy.middleware] INFO: Enabled item pipelines:
[]
2026-02-19 03:12:40 [scrapy.core.engine] INFO: Spider opened
2026-02-19 03:12:40 [scrapy.extensions.logstats] INFO: Crawled 0 pages (at 0 pages/min), scraped 0 items (at 0 items/min)
2026-02-19 03:12:40 [scrapy.extensions.telnet] INFO: Telnet console listening on 127.0.0.1:6023
2026-02-19 03:12:41 [scrapy.core.engine] DEBUG: Crawled (404) <GET https://example.com/robots.txt> (referer: None)
2026-02-19 03:12:41 [scrapy.core.engine] DEBUG: Crawled (200) <GET https://example.com> (referer: None)
2026-02-19 03:12:42 [scraper.spiders.base_spider] INFO: Парсинг: https://example.com
2026-02-19 03:12:42 [scrapy.core.scraper] DEBUG: Scraped from <200 https://example.com>
{'title': 'Example Domain', 'url': 'https://example.com'}
2026-02-19 03:12:42 [scrapy.core.engine] INFO: Closing spider (finished)
2026-02-19 03:12:42 [scrapy.statscollectors] INFO: Dumping Scrapy stats:
{'downloader/request_bytes': 448,
 'downloader/request_count': 2,
 'downloader/request_method_count/GET': 2,
 'downloader/response_bytes': 1243,
 'downloader/response_count': 2,
 'downloader/response_status_count/200': 1,
 'downloader/response_status_count/404': 1,
 'elapsed_time_seconds': 1.224317,
 'finish_reason': 'finished',
 'finish_time': datetime.datetime(2026, 2, 19, 0, 12, 42, 75696, tzinfo=datetime.timezone.utc),
 'httpcompression/response_bytes': 1056,
 'httpcompression/response_count': 2,
 'item_scraped_count': 1,
 'items_per_minute': 60.0,
 'log_count/DEBUG': 3,
 'log_count/INFO': 4,
 'response_received_count': 2,
 'responses_per_minute': 120.0,
 'robotstxt/request_count': 1,
 'robotstxt/response_count': 1,
 'robotstxt/response_status_count/404': 1,
 'scheduler/dequeued': 1,
 'scheduler/dequeued/memory': 1,
 'scheduler/enqueued': 1,
 'scheduler/enqueued/memory': 1,
 'start_time': datetime.datetime(2026, 2, 19, 0, 12, 40, 851379, tzinfo=datetime.timezone.utc)}
2026-02-19 03:12:42 [scrapy.core.engine] INFO: Spider closed (finished)
2026-02-19 03:16:14 [scrapy.utils.log] INFO: Scrapy 2.14.1 started (bot: scraper)
2026-02-19 03:16:14 [scrapy.utils.log] INFO: Versions:
{'lxml': '6.0.1',
 'libxml2': '2.11.9',
 'cssselect': '1.4.0',
 'parsel': '1.11.0',
 'w3lib': '2.4.0',
 'Twisted': '25.5.0',
 'Python': '3.13.2 (tags/v3.13.2:4f8bb39, Feb  4 2025, 15:23:48) [MSC v.1942 '
           '64 bit (AMD64)]',
 'pyOpenSSL': '25.3.0 (OpenSSL 3.5.5 27 Jan 2026)',
 'cryptography': '46.0.5',
 'Platform': 'Windows-10-10.0.19045-SP0'}
2026-02-19 03:16:14 [scrapy.addons] INFO: Enabled addons:
[]
2026-02-19 03:16:14 [scrapy.extensions.telnet] INFO: Telnet Password: 206bb7835198cb13
2026-02-19 03:16:14 [scrapy.middleware] INFO: Enabled extensions:
['scrapy.extensions.corestats.CoreStats',
 'scrapy.extensions.logcount.LogCount',
 'scrapy.extensions.telnet.TelnetConsole',
 'scrapy.extensions.logstats.LogStats']
2026-02-19 03:16:14 [scrapy.crawler] INFO: Overridden settings:
{'BOT_NAME': 'scraper',
 'CONCURRENT_REQUESTS_PER_DOMAIN': 1,
 'DOWNLOAD_DELAY': 1,
 'FEED_EXPORT_ENCODING': 'utf-8',
 'LOG_FILE': 'scrapy.log',
 'LOG_LEVEL': 'INFO',
 'NEWSPIDER_MODULE': 'scraper.spiders',
 'ROBOTSTXT_OBEY': True,
 'SPIDER_MODULES': ['scraper.spiders'],
 'USER_AGENT': 'scraper (+ваша_почта@example.com)'}
2026-02-19 03:16:14 [scrapy.middleware] INFO: Enabled downloader middlewares:
['scrapy.downloadermiddlewares.offsite.OffsiteMiddleware',
 'scrapy.downloadermiddlewares.robotstxt.RobotsTxtMiddleware',
 'scrapy.downloadermiddlewares.httpauth.HttpAuthMiddleware',
 'scrapy.downloadermiddlewares.downloadtimeout.DownloadTimeoutMiddleware',
 'scrapy.downloadermiddlewares.defaultheaders.DefaultHeadersMiddleware',
 'scrapy.downloadermiddlewares.useragent.UserAgentMiddleware',
 'scrapy.downloadermiddlewares.retry.RetryMiddleware',
 'scrapy.downloadermiddlewares.redirect.MetaRefreshMiddleware',
 'scrapy.downloadermiddlewares.httpcompression.HttpCompressionMiddleware',
 'scrapy.downloadermiddlewares.redirect.RedirectMiddleware',
 'scrapy.downloadermiddlewares.cookies.CookiesMiddleware',
 'scrapy.downloadermiddlewares.httpproxy.HttpProxyMiddleware',
 'scrapy.downloadermiddlewares.stats.DownloaderStats']
2026-02-19 03:16:14 [scrapy.middleware] INFO: Enabled spider middlewares:
['scrapy.spidermiddlewares.start.StartSpiderMiddleware',
 'scrapy.spidermiddlewares.httperror.HttpErrorMiddleware',
 'scrapy.spidermiddlewares.referer.RefererMiddleware',
 'scrapy.spidermiddlewares.urllength.UrlLengthMiddleware',
 'scrapy.spidermiddlewares.depth.DepthMiddleware']
2026-02-19 03:16:14 [scrapy.middleware] INFO: Enabled item pipelines:
[]
2026-02-19 03:16:14 [scrapy.core.engine] INFO: Spider opened
2026-02-19 03:16:14 [scrapy.extensions.logstats] INFO: Crawled 0 pages (at 0 pages/min), scraped 0 items (at 0 items/min)
2026-02-19 03:16:14 [scrapy.extensions.telnet] INFO: Telnet console listening on 127.0.0.1:6023
2026-02-19 03:16:18 [scraper.spiders.base_spider] INFO: Парсинг: https://example.com
2026-02-19 03:16:18 [scrapy.core.engine] INFO: Closing spider (finished)
2026-02-19 03:16:18 [scrapy.statscollectors] INFO: Dumping Scrapy stats:
{'downloader/request_bytes': 448,
 'downloader/request_count': 2,
 'downloader/request_method_count/GET': 2,
 'downloader/response_bytes': 1234,
 'downloader/response_count': 2,
 'downloader/response_status_count/200': 1,
 'downloader/response_status_count/404': 1,
 'elapsed_time_seconds': 3.921676,
 'finish_reason': 'finished',
 'finish_time': datetime.datetime(2026, 2, 19, 0, 16, 18, 636739, tzinfo=datetime.timezone.utc),
 'httpcompression/response_bytes': 1056,
 'httpcompression/response_count': 2,
 'item_scraped_count': 1,
 'items_per_minute': 20.0,
 'log_count/INFO': 4,
 'response_received_count': 2,
 'responses_per_minute': 40.0,
 'robotstxt/request_count': 1,
 'robotstxt/response_count': 1,
 'robotstxt/response_status_count/404': 1,
 'scheduler/dequeued': 1,
 'scheduler/dequeued/memory': 1,
 'scheduler/enqueued': 1,
 'scheduler/enqueued/memory': 1,
 'start_time': datetime.datetime(2026, 2, 19, 0, 16, 14, 715063, tzinfo=datetime.timezone.utc)}
2026-02-19 03:16:18 [scrapy.core.engine] INFO: Spider closed (finished)
