2026-02-18 12:44:38,787 | INFO | Adding job tentatively -- it will be properly scheduled when the scheduler starts
2026-02-18 12:44:38,788 | INFO | Scheduler started. Interval = 60 minutes
2026-02-18 12:44:38,789 | INFO | Added job "run_scraper" to job store "default"
2026-02-18 12:44:38,789 | INFO | Scheduler started
2026-02-18 12:44:38,789 | INFO | Running job "run_scraper (trigger: interval[1:00:00], next run at: 2026-02-18 12:44:38 UTC)" (scheduled at 2026-02-18 12:44:38.787518+00:00)
2026-02-18 12:44:38,790 | INFO | Starting scraper: python main.py
2026-02-18 12:53:51,326 | INFO | Adding job tentatively -- it will be properly scheduled when the scheduler starts
2026-02-18 12:53:51,326 | INFO | Scheduler started. Interval = 60 minutes
2026-02-18 12:53:51,327 | INFO | Added job "run_scraper" to job store "default"
2026-02-18 12:53:51,327 | INFO | Scheduler started
2026-02-18 12:53:51,328 | INFO | Running job "run_scraper (trigger: interval[1:00:00], next run at: 2026-02-18 12:53:51 UTC)" (scheduled at 2026-02-18 12:53:51.326538+00:00)
2026-02-18 12:53:51,328 | INFO | Starting scraper: python main.py
2026-02-18 12:53:51,938 | INFO | Scraper finished with code=0
2026-02-18 12:53:51,938 | INFO | Job "run_scraper (trigger: interval[1:00:00], next run at: 2026-02-18 13:53:51 UTC)" executed successfully
2026-02-19 00:41:57,766 | INFO | Adding job tentatively -- it will be properly scheduled when the scheduler starts
2026-02-19 00:41:57,767 | INFO | Scheduler started. Interval = 60 minutes
2026-02-19 00:41:57,771 | INFO | Added job "run_scraper" to job store "default"
2026-02-19 00:41:57,771 | INFO | Scheduler started
2026-02-19 00:41:57,773 | INFO | Running job "run_scraper (trigger: interval[1:00:00], next run at: 2026-02-19 00:41:57 UTC)" (scheduled at 2026-02-19 00:41:57.766140+00:00)
2026-02-19 00:41:57,774 | INFO | Starting scraper: python main.py
2026-02-19 00:41:58,709 | INFO | Scraper finished with code=0
2026-02-19 00:41:58,710 | INFO | Job "run_scraper (trigger: interval[1:00:00], next run at: 2026-02-19 01:41:57 UTC)" executed successfully
2026-02-19 00:48:26,809 | INFO | Adding job tentatively -- it will be properly scheduled when the scheduler starts
2026-02-19 00:48:26,810 | INFO | Scheduler started. Interval = 60 minutes
2026-02-19 00:48:26,815 | INFO | Added job "run_scraper" to job store "default"
2026-02-19 00:48:26,816 | INFO | Scheduler started
2026-02-19 00:48:26,818 | INFO | Running job "run_scraper (trigger: interval[1:00:00], next run at: 2026-02-19 00:48:26 UTC)" (scheduled at 2026-02-19 00:48:26.808524+00:00)
2026-02-19 00:48:26,819 | INFO | Starting scraper: python main.py
2026-02-19 00:48:27,731 | INFO | Scraper finished with code=0
2026-02-19 00:48:27,733 | INFO | Job "run_scraper (trigger: interval[1:00:00], next run at: 2026-02-19 01:48:26 UTC)" executed successfully
